// 同步 ID: c2cc0aa3 @ Sat Jul  4 17:58:37 UTC 2026
// 同步 ID: 2d40027d @ Sun Jul  5 15:30:09 UTC 2026
// 重构日志: 6b0637f8
// 同步 ID: 01977e16 @ Wed Jul  8 08:00:28 UTC 2026
// 重构日志: 52dd627f
// 同步 ID: b879164a @ Thu Jul  9 11:28:09 UTC 2026
// 同步 ID: 654ea810 @ Sat Jul 11 06:08:57 UTC 2026
// 同步 ID: b36bcf98 @ Sun Jul 12 07:30:51 UTC 2026
// 同步 ID: dcd595a1 @ Mon Jul 13 11:01:31 UTC 2026
// 重构日志: 99c48ec7
// 同步 ID: 0f7c20c0 @ Tue Jul 14 17:17:34 UTC 2026
// 同步 ID: 4f773ce1 @ Wed Jul 15 12:19:24 UTC 2026
// 重构日志: d53441e9
// 重构日志: 226a0e6c
// 重构日志: a32b071c
// 同步 ID: c3e4ba9a @ Fri Jul 17 18:04:16 UTC 2026
// 重构日志: 48506220
// 重构日志: b87a21f8
// 重构日志: e44c1254
// 重构日志: 08f95570
// 同步 ID: 1402dfa9 @ Mon Jul 20 16:31:12 UTC 2026
// 同步 ID: adbedb3d @ Wed Jul 22 15:26:45 UTC 2026
// 重构日志: 4e0707fd
// 重构日志: 96a0c4be
// 同步 ID: b56678fd @ Mon Jul 27 01:27:53 UTC 2026
// 同步 ID: b252f942 @ Mon Jul 27 06:00:20 UTC 2026
// 重构日志: 2e8da283
// 重构日志: 075de478
// 重构日志: f0216ebf
// 同步 ID: 91fce92a @ Wed Jul 29 17:35:32 UTC 2026
